     1                                     section .data              ; сегмент инициализированных переменных
     2 00000000 507265737320456E74-     ExitMsg db "Press Enter to Exit",10  ; выводимое сообщение
     2 00000009 657220746F20457869-
     2 00000012 740A               
     3                                  lenExit equ $-ExitMsg
     4 00000014 E2FF                    A dw -30
     5 00000016 1500                    B dw 21
     6                                  
     7 00000018 FF                      vall  db 255
     8 00000019 0001                    shart dw 256
     9 0000001B 80FF                    lue3  dw -128
    10 0000001D 10                      v5 db 10h
    11 0000001E 25                         db 100101B
    12 0000001F 17230C                  beta  db 23, 23h, 0ch
    13 00000022 48656C6C6F0A            sdk   db "Hello", 10
    14 00000028 0180                    min   dw -32767
    15 0000002A 78563412                ar dd 12345678h
    16 0000002E 08<rep 5h>              valar times 5 db 8
    17                                  
    18 00000033 1900                    value1   dw   25
    19 00000035 DDFFFFFF                value2   dd   -35
    20 00000039 D093D0BBD0B5D0B120-     name     db   "Глеб Gleb"
    20 00000042 476C6562           
    21                                  
    22 00000046 2500                    val_2500 dw   37
    23 00000048 0025                    val_0025 dw   9472
    24                                  
    25 0000004A FFFF                    F1    dw    65535
    26 0000004C FFFF0000                F2    dd    65535
    27                                  
    28                                     section .bss               ; сегмент неинициализированных переменных
    29 00000000 <res Ah>                InBuf   resb    10            ; буфер для вводимой строки
    30                                  lenIn   equ     $-InBuf
    31                                  
    32 0000000A <res 14h>               alu   resw  10
    33 0000001E <res Ah>                f1 resb  10
    34                                  
    35 00000028 ????????                X  resd  1
    36                                          section .text         ; сегмент кода
    37                                          global  _start
    38                                  _start:
    39 00000000 8B0425[14000000]                mov     eax, [A]       ; загрузить число А в регистр ЕАХ
    40 00000007 83C005                          add     eax, 5        ; сложить ЕАХ и 5, результат в ЕАХ
    41 0000000A 2B0425[16000000]                sub     eax, [B]       ; вычесть число В, результат в ЕАХ
    42 00000011 890425[28000000]                mov     [X] ,eax      ; Сохранить результат в памяти
    43                                  
    44 00000018 66830425[4A000000]-             add    word[F1], 1
    44 00000020 01                 
    45 00000021 830425[4C000000]01              add    dword[F2], 1
    46                                          ; write
    47 00000029 B801000000                      mov     rax, 1        ; системная функция 1 (write)
    48 0000002E BF01000000                      mov     rdi, 1        ; дескриптор файла stdout=1
    49 00000033 48BE-                           mov     rsi, ExitMsg  ; адрес выводимой строки
    49 00000035 [0000000000000000] 
    50 0000003D BA14000000                      mov     rdx, lenExit  ; длина строки
    51 00000042 0F05                            syscall               ; вызов системной функции
    52                                          ; read
    53 00000044 B800000000                      mov     rax, 0        ; системная функция 0 (read)
    54 00000049 BF00000000                      mov     rdi, 0        ; дескриптор файла stdin=0
    55 0000004E 48BE-                           mov     rsi, InBuf    ; адрес вводимой строки
    55 00000050 [0000000000000000] 
    56 00000058 BA0A000000                      mov     rdx, lenIn    ; длина строки
    57 0000005D 0F05                            syscall               ; вызов системной функции
    58                                          ; exit
    59 0000005F B83C000000                      mov     rax, 60       ; системная функция 60 (exit)
    60 00000064 4831FF                          xor     rdi, rdi      ; return code 0
    61 00000067 0F05                            syscall               ; вызов системной функции
